exports[`test will get everything needed in an introspection 1`] = `
Object {
  "attributes": Array [
    Object {
      "classId": "compound_key",
      "description": null,
      "hasDefault": false,
      "isNotNull": true,
      "kind": "attribute",
      "name": "person_id_2",
      "num": 1,
      "typeId": "int4",
    },
    Object {
      "classId": "compound_key",
      "description": null,
      "hasDefault": false,
      "isNotNull": true,
      "kind": "attribute",
      "name": "person_id_1",
      "num": 2,
      "typeId": "int4",
    },
    Object {
      "classId": "compound_key",
      "description": null,
      "hasDefault": false,
      "isNotNull": false,
      "kind": "attribute",
      "name": "extra",
      "num": 3,
      "typeId": "bool",
    },
    Object {
      "classId": "compound_type",
      "description": null,
      "hasDefault": false,
      "isNotNull": false,
      "kind": "attribute",
      "name": "a",
      "num": 1,
      "typeId": "int4",
    },
    Object {
      "classId": "compound_type",
      "description": null,
      "hasDefault": false,
      "isNotNull": false,
      "kind": "attribute",
      "name": "b",
      "num": 2,
      "typeId": "text",
    },
    Object {
      "classId": "compound_type",
      "description": null,
      "hasDefault": false,
      "isNotNull": false,
      "kind": "attribute",
      "name": "c",
      "num": 3,
      "typeId": "color",
    },
    Object {
      "classId": "compound_type",
      "description": null,
      "hasDefault": false,
      "isNotNull": false,
      "kind": "attribute",
      "name": "d",
      "num": 4,
      "typeId": "uuid",
    },
    Object {
      "classId": "compound_type",
      "description": null,
      "hasDefault": false,
      "isNotNull": false,
      "kind": "attribute",
      "name": "foo_bar",
      "num": 5,
      "typeId": "int4",
    },
    Object {
      "classId": "edge_case",
      "description": null,
      "hasDefault": true,
      "isNotNull": true,
      "kind": "attribute",
      "name": "not_null_has_default",
      "num": 1,
      "typeId": "bool",
    },
    Object {
      "classId": "edge_case",
      "description": null,
      "hasDefault": false,
      "isNotNull": false,
      "kind": "attribute",
      "name": "wont_cast_easy",
      "num": 2,
      "typeId": "int2",
    },
    Object {
      "classId": "edge_case",
      "description": null,
      "hasDefault": false,
      "isNotNull": false,
      "kind": "attribute",
      "name": "row_id",
      "num": 4,
      "typeId": "int4",
    },
    Object {
      "classId": "foreign_key",
      "description": null,
      "hasDefault": false,
      "isNotNull": false,
      "kind": "attribute",
      "name": "person_id",
      "num": 1,
      "typeId": "int4",
    },
    Object {
      "classId": "foreign_key",
      "description": null,
      "hasDefault": false,
      "isNotNull": false,
      "kind": "attribute",
      "name": "compound_key_1",
      "num": 2,
      "typeId": "int4",
    },
    Object {
      "classId": "foreign_key",
      "description": null,
      "hasDefault": false,
      "isNotNull": false,
      "kind": "attribute",
      "name": "compound_key_2",
      "num": 3,
      "typeId": "int4",
    },
    Object {
      "classId": "jwt_token",
      "description": null,
      "hasDefault": false,
      "isNotNull": false,
      "kind": "attribute",
      "name": "role",
      "num": 1,
      "typeId": "text",
    },
    Object {
      "classId": "jwt_token",
      "description": null,
      "hasDefault": false,
      "isNotNull": false,
      "kind": "attribute",
      "name": "exp",
      "num": 2,
      "typeId": "int4",
    },
    Object {
      "classId": "jwt_token",
      "description": null,
      "hasDefault": false,
      "isNotNull": false,
      "kind": "attribute",
      "name": "a",
      "num": 3,
      "typeId": "int4",
    },
    Object {
      "classId": "jwt_token",
      "description": null,
      "hasDefault": false,
      "isNotNull": false,
      "kind": "attribute",
      "name": "b",
      "num": 4,
      "typeId": "int4",
    },
    Object {
      "classId": "jwt_token",
      "description": null,
      "hasDefault": false,
      "isNotNull": false,
      "kind": "attribute",
      "name": "c",
      "num": 5,
      "typeId": "int4",
    },
    Object {
      "classId": "nested_compound_type",
      "description": null,
      "hasDefault": false,
      "isNotNull": false,
      "kind": "attribute",
      "name": "a",
      "num": 1,
      "typeId": "compound_type",
    },
    Object {
      "classId": "nested_compound_type",
      "description": null,
      "hasDefault": false,
      "isNotNull": false,
      "kind": "attribute",
      "name": "b",
      "num": 2,
      "typeId": "compound_type",
    },
    Object {
      "classId": "nested_compound_type",
      "description": null,
      "hasDefault": false,
      "isNotNull": false,
      "kind": "attribute",
      "name": "baz_buz",
      "num": 3,
      "typeId": "int4",
    },
    Object {
      "classId": "non_updatable_view",
      "description": null,
      "hasDefault": false,
      "isNotNull": false,
      "kind": "attribute",
      "name": "?column?",
      "num": 1,
      "typeId": "int4",
    },
    Object {
      "classId": "person",
      "description": null,
      "hasDefault": true,
      "isNotNull": true,
      "kind": "attribute",
      "name": "id",
      "num": 1,
      "typeId": "int4",
    },
    Object {
      "classId": "person",
      "description": "The person’s name",
      "hasDefault": false,
      "isNotNull": true,
      "kind": "attribute",
      "name": "name",
      "num": 2,
      "typeId": "varchar",
    },
    Object {
      "classId": "person",
      "description": null,
      "hasDefault": false,
      "isNotNull": false,
      "kind": "attribute",
      "name": "about",
      "num": 3,
      "typeId": "text",
    },
    Object {
      "classId": "person",
      "description": null,
      "hasDefault": false,
      "isNotNull": true,
      "kind": "attribute",
      "name": "email",
      "num": 4,
      "typeId": "email",
    },
    Object {
      "classId": "person",
      "description": null,
      "hasDefault": true,
      "isNotNull": false,
      "kind": "attribute",
      "name": "created_at",
      "num": 5,
      "typeId": "timestamp",
    },
    Object {
      "classId": "post",
      "description": null,
      "hasDefault": true,
      "isNotNull": true,
      "kind": "attribute",
      "name": "id",
      "num": 1,
      "typeId": "int4",
    },
    Object {
      "classId": "post",
      "description": null,
      "hasDefault": false,
      "isNotNull": true,
      "kind": "attribute",
      "name": "headline",
      "num": 2,
      "typeId": "text",
    },
    Object {
      "classId": "post",
      "description": null,
      "hasDefault": false,
      "isNotNull": false,
      "kind": "attribute",
      "name": "body",
      "num": 3,
      "typeId": "text",
    },
    Object {
      "classId": "post",
      "description": null,
      "hasDefault": false,
      "isNotNull": false,
      "kind": "attribute",
      "name": "author_id",
      "num": 4,
      "typeId": "int4",
    },
    Object {
      "classId": "similar_table_1",
      "description": null,
      "hasDefault": true,
      "isNotNull": true,
      "kind": "attribute",
      "name": "id",
      "num": 1,
      "typeId": "int4",
    },
    Object {
      "classId": "similar_table_1",
      "description": null,
      "hasDefault": false,
      "isNotNull": false,
      "kind": "attribute",
      "name": "col1",
      "num": 2,
      "typeId": "int4",
    },
    Object {
      "classId": "similar_table_1",
      "description": null,
      "hasDefault": false,
      "isNotNull": false,
      "kind": "attribute",
      "name": "col2",
      "num": 3,
      "typeId": "int4",
    },
    Object {
      "classId": "similar_table_1",
      "description": null,
      "hasDefault": false,
      "isNotNull": true,
      "kind": "attribute",
      "name": "col3",
      "num": 4,
      "typeId": "int4",
    },
    Object {
      "classId": "similar_table_2",
      "description": null,
      "hasDefault": true,
      "isNotNull": true,
      "kind": "attribute",
      "name": "id",
      "num": 1,
      "typeId": "int4",
    },
    Object {
      "classId": "similar_table_2",
      "description": null,
      "hasDefault": false,
      "isNotNull": true,
      "kind": "attribute",
      "name": "col3",
      "num": 2,
      "typeId": "int4",
    },
    Object {
      "classId": "similar_table_2",
      "description": null,
      "hasDefault": false,
      "isNotNull": false,
      "kind": "attribute",
      "name": "col4",
      "num": 3,
      "typeId": "int4",
    },
    Object {
      "classId": "similar_table_2",
      "description": null,
      "hasDefault": false,
      "isNotNull": false,
      "kind": "attribute",
      "name": "col5",
      "num": 4,
      "typeId": "int4",
    },
    Object {
      "classId": "types",
      "description": null,
      "hasDefault": true,
      "isNotNull": true,
      "kind": "attribute",
      "name": "id",
      "num": 1,
      "typeId": "int4",
    },
    Object {
      "classId": "types",
      "description": null,
      "hasDefault": false,
      "isNotNull": true,
      "kind": "attribute",
      "name": "domain2",
      "num": 10,
      "typeId": "another_int",
    },
    Object {
      "classId": "types",
      "description": null,
      "hasDefault": false,
      "isNotNull": true,
      "kind": "attribute",
      "name": "text_array",
      "num": 11,
      "typeId": "_text",
    },
    Object {
      "classId": "types",
      "description": null,
      "hasDefault": false,
      "isNotNull": true,
      "kind": "attribute",
      "name": "json",
      "num": 12,
      "typeId": "json",
    },
    Object {
      "classId": "types",
      "description": null,
      "hasDefault": false,
      "isNotNull": true,
      "kind": "attribute",
      "name": "jsonb",
      "num": 13,
      "typeId": "jsonb",
    },
    Object {
      "classId": "types",
      "description": null,
      "hasDefault": false,
      "isNotNull": false,
      "kind": "attribute",
      "name": "nullable_range",
      "num": 14,
      "typeId": "numrange",
    },
    Object {
      "classId": "types",
      "description": null,
      "hasDefault": false,
      "isNotNull": true,
      "kind": "attribute",
      "name": "numrange",
      "num": 15,
      "typeId": "numrange",
    },
    Object {
      "classId": "types",
      "description": null,
      "hasDefault": false,
      "isNotNull": true,
      "kind": "attribute",
      "name": "daterange",
      "num": 16,
      "typeId": "daterange",
    },
    Object {
      "classId": "types",
      "description": null,
      "hasDefault": false,
      "isNotNull": true,
      "kind": "attribute",
      "name": "an_int_range",
      "num": 17,
      "typeId": "an_int_range",
    },
    Object {
      "classId": "types",
      "description": null,
      "hasDefault": false,
      "isNotNull": true,
      "kind": "attribute",
      "name": "timestamp",
      "num": 18,
      "typeId": "timestamp",
    },
    Object {
      "classId": "types",
      "description": null,
      "hasDefault": false,
      "isNotNull": true,
      "kind": "attribute",
      "name": "timestamptz",
      "num": 19,
      "typeId": "timestamptz",
    },
    Object {
      "classId": "types",
      "description": null,
      "hasDefault": false,
      "isNotNull": true,
      "kind": "attribute",
      "name": "smallint",
      "num": 2,
      "typeId": "int2",
    },
    Object {
      "classId": "types",
      "description": null,
      "hasDefault": false,
      "isNotNull": true,
      "kind": "attribute",
      "name": "date",
      "num": 20,
      "typeId": "date",
    },
    Object {
      "classId": "types",
      "description": null,
      "hasDefault": false,
      "isNotNull": true,
      "kind": "attribute",
      "name": "time",
      "num": 21,
      "typeId": "time",
    },
    Object {
      "classId": "types",
      "description": null,
      "hasDefault": false,
      "isNotNull": true,
      "kind": "attribute",
      "name": "timetz",
      "num": 22,
      "typeId": "timetz",
    },
    Object {
      "classId": "types",
      "description": null,
      "hasDefault": false,
      "isNotNull": true,
      "kind": "attribute",
      "name": "interval",
      "num": 23,
      "typeId": "interval",
    },
    Object {
      "classId": "types",
      "description": null,
      "hasDefault": false,
      "isNotNull": true,
      "kind": "attribute",
      "name": "money",
      "num": 24,
      "typeId": "money",
    },
    Object {
      "classId": "types",
      "description": null,
      "hasDefault": false,
      "isNotNull": true,
      "kind": "attribute",
      "name": "compound_type",
      "num": 25,
      "typeId": "compound_type",
    },
    Object {
      "classId": "types",
      "description": null,
      "hasDefault": false,
      "isNotNull": true,
      "kind": "attribute",
      "name": "nested_compound_type",
      "num": 26,
      "typeId": "nested_compound_type",
    },
    Object {
      "classId": "types",
      "description": null,
      "hasDefault": false,
      "isNotNull": true,
      "kind": "attribute",
      "name": "bigint",
      "num": 3,
      "typeId": "int8",
    },
    Object {
      "classId": "types",
      "description": null,
      "hasDefault": false,
      "isNotNull": true,
      "kind": "attribute",
      "name": "numeric",
      "num": 4,
      "typeId": "numeric",
    },
    Object {
      "classId": "types",
      "description": null,
      "hasDefault": false,
      "isNotNull": true,
      "kind": "attribute",
      "name": "decimal",
      "num": 5,
      "typeId": "numeric",
    },
    Object {
      "classId": "types",
      "description": null,
      "hasDefault": false,
      "isNotNull": true,
      "kind": "attribute",
      "name": "boolean",
      "num": 6,
      "typeId": "bool",
    },
    Object {
      "classId": "types",
      "description": null,
      "hasDefault": false,
      "isNotNull": true,
      "kind": "attribute",
      "name": "varchar",
      "num": 7,
      "typeId": "varchar",
    },
    Object {
      "classId": "types",
      "description": null,
      "hasDefault": false,
      "isNotNull": true,
      "kind": "attribute",
      "name": "enum",
      "num": 8,
      "typeId": "color",
    },
    Object {
      "classId": "types",
      "description": null,
      "hasDefault": false,
      "isNotNull": true,
      "kind": "attribute",
      "name": "domain",
      "num": 9,
      "typeId": "an_int",
    },
    Object {
      "classId": "updatable_view",
      "description": null,
      "hasDefault": false,
      "isNotNull": false,
      "kind": "attribute",
      "name": "x",
      "num": 1,
      "typeId": "int4",
    },
    Object {
      "classId": "updatable_view",
      "description": null,
      "hasDefault": false,
      "isNotNull": false,
      "kind": "attribute",
      "name": "name",
      "num": 2,
      "typeId": "varchar",
    },
    Object {
      "classId": "updatable_view",
      "description": null,
      "hasDefault": false,
      "isNotNull": false,
      "kind": "attribute",
      "name": "description",
      "num": 3,
      "typeId": "text",
    },
    Object {
      "classId": "updatable_view",
      "description": "This is constantly 2",
      "hasDefault": false,
      "isNotNull": false,
      "kind": "attribute",
      "name": "constant",
      "num": 4,
      "typeId": "int4",
    },
  ],
  "classes": Array [
    Object {
      "description": null,
      "id": "compound_key",
      "isDeletable": true,
      "isInsertable": true,
      "isSelectable": true,
      "isUpdatable": true,
      "kind": "class",
      "name": "compound_key",
      "namespaceId": "c",
      "typeId": "compound_key",
    },
    Object {
      "description": null,
      "id": "compound_type",
      "isDeletable": false,
      "isInsertable": false,
      "isSelectable": false,
      "isUpdatable": false,
      "kind": "class",
      "name": "compound_type",
      "namespaceId": "c",
      "typeId": "compound_type",
    },
    Object {
      "description": null,
      "id": "edge_case",
      "isDeletable": true,
      "isInsertable": true,
      "isSelectable": true,
      "isUpdatable": true,
      "kind": "class",
      "name": "edge_case",
      "namespaceId": "c",
      "typeId": "edge_case",
    },
    Object {
      "description": null,
      "id": "foreign_key",
      "isDeletable": true,
      "isInsertable": true,
      "isSelectable": true,
      "isUpdatable": true,
      "kind": "class",
      "name": "foreign_key",
      "namespaceId": "a",
      "typeId": "foreign_key",
    },
    Object {
      "description": null,
      "id": "jwt_token",
      "isDeletable": false,
      "isInsertable": false,
      "isSelectable": false,
      "isUpdatable": false,
      "kind": "class",
      "name": "jwt_token",
      "namespaceId": "b",
      "typeId": "jwt_token",
    },
    Object {
      "description": null,
      "id": "nested_compound_type",
      "isDeletable": false,
      "isInsertable": false,
      "isSelectable": false,
      "isUpdatable": false,
      "kind": "class",
      "name": "nested_compound_type",
      "namespaceId": "b",
      "typeId": "nested_compound_type",
    },
    Object {
      "description": null,
      "id": "non_updatable_view",
      "isDeletable": false,
      "isInsertable": false,
      "isSelectable": true,
      "isUpdatable": false,
      "kind": "class",
      "name": "non_updatable_view",
      "namespaceId": "a",
      "typeId": "non_updatable_view",
    },
    Object {
      "description": "Person test comment",
      "id": "person",
      "isDeletable": true,
      "isInsertable": true,
      "isSelectable": true,
      "isUpdatable": true,
      "kind": "class",
      "name": "person",
      "namespaceId": "c",
      "typeId": "person",
    },
    Object {
      "description": null,
      "id": "post",
      "isDeletable": true,
      "isInsertable": true,
      "isSelectable": true,
      "isUpdatable": true,
      "kind": "class",
      "name": "post",
      "namespaceId": "a",
      "typeId": "post",
    },
    Object {
      "description": null,
      "id": "similar_table_1",
      "isDeletable": true,
      "isInsertable": true,
      "isSelectable": true,
      "isUpdatable": true,
      "kind": "class",
      "name": "similar_table_1",
      "namespaceId": "a",
      "typeId": "similar_table_1",
    },
    Object {
      "description": null,
      "id": "similar_table_2",
      "isDeletable": true,
      "isInsertable": true,
      "isSelectable": true,
      "isUpdatable": true,
      "kind": "class",
      "name": "similar_table_2",
      "namespaceId": "a",
      "typeId": "similar_table_2",
    },
    Object {
      "description": null,
      "id": "types",
      "isDeletable": true,
      "isInsertable": true,
      "isSelectable": true,
      "isUpdatable": true,
      "kind": "class",
      "name": "types",
      "namespaceId": "b",
      "typeId": "types",
    },
    Object {
      "description": "YOYOYO!!",
      "id": "updatable_view",
      "isDeletable": true,
      "isInsertable": true,
      "isSelectable": true,
      "isUpdatable": true,
      "kind": "class",
      "name": "updatable_view",
      "namespaceId": "b",
      "typeId": "updatable_view",
    },
  ],
  "constraints": Array [
    Object {
      "classId": "person",
      "foreignClassId": null,
      "foreignKeyAttributeNums": null,
      "keyAttributeNums": Array [
        1,
      ],
      "kind": "constraint",
      "name": "person_pkey",
      "type": "p",
    },
    Object {
      "classId": "person",
      "foreignClassId": null,
      "foreignKeyAttributeNums": null,
      "keyAttributeNums": Array [
        4,
      ],
      "kind": "constraint",
      "name": "person_email_key",
      "type": "u",
    },
    Object {
      "classId": "post",
      "foreignClassId": null,
      "foreignKeyAttributeNums": null,
      "keyAttributeNums": Array [
        1,
      ],
      "kind": "constraint",
      "name": "post_pkey",
      "type": "p",
    },
    Object {
      "classId": "post",
      "foreignClassId": "person",
      "foreignKeyAttributeNums": Array [
        1,
      ],
      "keyAttributeNums": Array [
        4,
      ],
      "kind": "constraint",
      "name": "post_author_id_fkey",
      "type": "f",
    },
    Object {
      "classId": "compound_key",
      "foreignClassId": "person",
      "foreignKeyAttributeNums": Array [
        1,
      ],
      "keyAttributeNums": Array [
        1,
      ],
      "kind": "constraint",
      "name": "compound_key_person_id_2_fkey",
      "type": "f",
    },
    Object {
      "classId": "compound_key",
      "foreignClassId": "person",
      "foreignKeyAttributeNums": Array [
        1,
      ],
      "keyAttributeNums": Array [
        2,
      ],
      "kind": "constraint",
      "name": "compound_key_person_id_1_fkey",
      "type": "f",
    },
    Object {
      "classId": "compound_key",
      "foreignClassId": null,
      "foreignKeyAttributeNums": null,
      "keyAttributeNums": Array [
        2,
        1,
      ],
      "kind": "constraint",
      "name": "compound_key_pkey",
      "type": "p",
    },
    Object {
      "classId": "foreign_key",
      "foreignClassId": "person",
      "foreignKeyAttributeNums": Array [
        1,
      ],
      "keyAttributeNums": Array [
        1,
      ],
      "kind": "constraint",
      "name": "foreign_key_person_id_fkey",
      "type": "f",
    },
    Object {
      "classId": "foreign_key",
      "foreignClassId": "compound_key",
      "foreignKeyAttributeNums": Array [
        2,
        1,
      ],
      "keyAttributeNums": Array [
        2,
        3,
      ],
      "kind": "constraint",
      "name": "foreign_key_compound_key_1_fkey",
      "type": "f",
    },
    Object {
      "classId": "types",
      "foreignClassId": null,
      "foreignKeyAttributeNums": null,
      "keyAttributeNums": Array [
        1,
      ],
      "kind": "constraint",
      "name": "types_pkey",
      "type": "p",
    },
    Object {
      "classId": "similar_table_1",
      "foreignClassId": null,
      "foreignKeyAttributeNums": null,
      "keyAttributeNums": Array [
        1,
      ],
      "kind": "constraint",
      "name": "similar_table_1_pkey",
      "type": "p",
    },
    Object {
      "classId": "similar_table_2",
      "foreignClassId": null,
      "foreignKeyAttributeNums": null,
      "keyAttributeNums": Array [
        1,
      ],
      "kind": "constraint",
      "name": "similar_table_2_pkey",
      "type": "p",
    },
  ],
  "namespaces": Array [
    Object {
      "description": "The a schema.",
      "id": "a",
      "kind": "namespace",
      "name": "a",
    },
    Object {
      "description": "qwerty",
      "id": "b",
      "kind": "namespace",
      "name": "b",
    },
    Object {
      "description": null,
      "id": "c",
      "kind": "namespace",
      "name": "c",
    },
  ],
  "procedure": Array [
    Object {
      "argDefaultsNum": 0,
      "argNames": Array [],
      "argTypeIds": Array [
        "int4",
        "int4",
      ],
      "description": "lol, add some stuff 1 mutation",
      "isStable": false,
      "isStrict": true,
      "kind": "procedure",
      "name": "add_1_mutation",
      "namespaceId": "a",
      "returnTypeId": "int4",
      "returnsSet": false,
    },
    Object {
      "argDefaultsNum": 0,
      "argNames": Array [],
      "argTypeIds": Array [
        "int4",
        "int4",
      ],
      "description": "lol, add some stuff 1 query",
      "isStable": true,
      "isStrict": true,
      "kind": "procedure",
      "name": "add_1_query",
      "namespaceId": "a",
      "returnTypeId": "int4",
      "returnsSet": false,
    },
    Object {
      "argDefaultsNum": 1,
      "argNames": Array [
        "a",
        "b",
      ],
      "argTypeIds": Array [
        "int4",
        "int4",
      ],
      "description": "lol, add some stuff 2 mutation",
      "isStable": false,
      "isStrict": true,
      "kind": "procedure",
      "name": "add_2_mutation",
      "namespaceId": "a",
      "returnTypeId": "int4",
      "returnsSet": false,
    },
    Object {
      "argDefaultsNum": 1,
      "argNames": Array [
        "a",
        "b",
      ],
      "argTypeIds": Array [
        "int4",
        "int4",
      ],
      "description": "lol, add some stuff 2 query",
      "isStable": true,
      "isStrict": true,
      "kind": "procedure",
      "name": "add_2_query",
      "namespaceId": "a",
      "returnTypeId": "int4",
      "returnsSet": false,
    },
    Object {
      "argDefaultsNum": 0,
      "argNames": Array [
        "a",
        "",
      ],
      "argTypeIds": Array [
        "int4",
        "int4",
      ],
      "description": "lol, add some stuff 3 mutation",
      "isStable": false,
      "isStrict": false,
      "kind": "procedure",
      "name": "add_3_mutation",
      "namespaceId": "a",
      "returnTypeId": "int4",
      "returnsSet": false,
    },
    Object {
      "argDefaultsNum": 0,
      "argNames": Array [
        "a",
        "",
      ],
      "argTypeIds": Array [
        "int4",
        "int4",
      ],
      "description": "lol, add some stuff 3 query",
      "isStable": true,
      "isStrict": false,
      "kind": "procedure",
      "name": "add_3_query",
      "namespaceId": "a",
      "returnTypeId": "int4",
      "returnsSet": false,
    },
    Object {
      "argDefaultsNum": 1,
      "argNames": Array [
        "",
        "b",
      ],
      "argTypeIds": Array [
        "int4",
        "int4",
      ],
      "description": "lol, add some stuff 4 mutation",
      "isStable": false,
      "isStrict": false,
      "kind": "procedure",
      "name": "add_4_mutation",
      "namespaceId": "a",
      "returnTypeId": "int4",
      "returnsSet": false,
    },
    Object {
      "argDefaultsNum": 1,
      "argNames": Array [
        "",
        "b",
      ],
      "argTypeIds": Array [
        "int4",
        "int4",
      ],
      "description": "lol, add some stuff 4 query",
      "isStable": true,
      "isStrict": false,
      "kind": "procedure",
      "name": "add_4_query",
      "namespaceId": "a",
      "returnTypeId": "int4",
      "returnsSet": false,
    },
    Object {
      "argDefaultsNum": 0,
      "argNames": Array [
        "a",
        "b",
        "c",
      ],
      "argTypeIds": Array [
        "int4",
        "int4",
        "int4",
      ],
      "description": null,
      "isStable": false,
      "isStrict": false,
      "kind": "procedure",
      "name": "authenticate",
      "namespaceId": "b",
      "returnTypeId": "jwt_token",
      "returnsSet": false,
    },
    Object {
      "argDefaultsNum": 0,
      "argNames": Array [
        "a",
        "b",
        "c",
      ],
      "argTypeIds": Array [
        "int4",
        "int4",
        "int4",
      ],
      "description": null,
      "isStable": false,
      "isStrict": false,
      "kind": "procedure",
      "name": "authenticate_many",
      "namespaceId": "b",
      "returnTypeId": "_jwt_token",
      "returnsSet": false,
    },
    Object {
      "argDefaultsNum": 0,
      "argNames": Array [
        "compound_type",
      ],
      "argTypeIds": Array [
        "compound_type",
      ],
      "description": null,
      "isStable": true,
      "isStrict": false,
      "kind": "procedure",
      "name": "compound_type_computed_field",
      "namespaceId": "c",
      "returnTypeId": "int4",
      "returnsSet": false,
    },
    Object {
      "argDefaultsNum": 0,
      "argNames": Array [
        "object",
      ],
      "argTypeIds": Array [
        "compound_type",
      ],
      "description": null,
      "isStable": false,
      "isStrict": false,
      "kind": "procedure",
      "name": "compound_type_mutation",
      "namespaceId": "b",
      "returnTypeId": "compound_type",
      "returnsSet": false,
    },
    Object {
      "argDefaultsNum": 0,
      "argNames": Array [
        "object",
      ],
      "argTypeIds": Array [
        "compound_type",
      ],
      "description": null,
      "isStable": true,
      "isStrict": false,
      "kind": "procedure",
      "name": "compound_type_query",
      "namespaceId": "b",
      "returnTypeId": "compound_type",
      "returnsSet": false,
    },
    Object {
      "argDefaultsNum": 0,
      "argNames": Array [
        "edge_case",
      ],
      "argTypeIds": Array [
        "edge_case",
      ],
      "description": null,
      "isStable": true,
      "isStrict": false,
      "kind": "procedure",
      "name": "edge_case_computed",
      "namespaceId": "c",
      "returnTypeId": "text",
      "returnsSet": false,
    },
    Object {
      "argDefaultsNum": 0,
      "argNames": Array [
        "x",
        "y",
        "z",
      ],
      "argTypeIds": Array [
        "int4",
        "int4",
        "int4",
      ],
      "description": null,
      "isStable": false,
      "isStrict": false,
      "kind": "procedure",
      "name": "int_set_mutation",
      "namespaceId": "c",
      "returnTypeId": "int4",
      "returnsSet": true,
    },
    Object {
      "argDefaultsNum": 0,
      "argNames": Array [
        "x",
        "y",
        "z",
      ],
      "argTypeIds": Array [
        "int4",
        "int4",
        "int4",
      ],
      "description": null,
      "isStable": true,
      "isStrict": false,
      "kind": "procedure",
      "name": "int_set_query",
      "namespaceId": "c",
      "returnTypeId": "int4",
      "returnsSet": true,
    },
    Object {
      "argDefaultsNum": 0,
      "argNames": Array [
        "json",
      ],
      "argTypeIds": Array [
        "json",
      ],
      "description": null,
      "isStable": true,
      "isStrict": false,
      "kind": "procedure",
      "name": "json_identity",
      "namespaceId": "c",
      "returnTypeId": "json",
      "returnsSet": false,
    },
    Object {
      "argDefaultsNum": 0,
      "argNames": Array [
        "json",
      ],
      "argTypeIds": Array [
        "json",
      ],
      "description": null,
      "isStable": false,
      "isStrict": false,
      "kind": "procedure",
      "name": "json_identity_mutation",
      "namespaceId": "c",
      "returnTypeId": "json",
      "returnsSet": false,
    },
    Object {
      "argDefaultsNum": 0,
      "argNames": Array [],
      "argTypeIds": Array [
        "int4",
        "int4",
      ],
      "description": null,
      "isStable": false,
      "isStrict": false,
      "kind": "procedure",
      "name": "mult_1",
      "namespaceId": "b",
      "returnTypeId": "int4",
      "returnsSet": false,
    },
    Object {
      "argDefaultsNum": 0,
      "argNames": Array [],
      "argTypeIds": Array [
        "int4",
        "int4",
      ],
      "description": null,
      "isStable": false,
      "isStrict": false,
      "kind": "procedure",
      "name": "mult_2",
      "namespaceId": "b",
      "returnTypeId": "int4",
      "returnsSet": false,
    },
    Object {
      "argDefaultsNum": 0,
      "argNames": Array [],
      "argTypeIds": Array [
        "int4",
        "int4",
      ],
      "description": null,
      "isStable": false,
      "isStrict": true,
      "kind": "procedure",
      "name": "mult_3",
      "namespaceId": "b",
      "returnTypeId": "int4",
      "returnsSet": false,
    },
    Object {
      "argDefaultsNum": 0,
      "argNames": Array [],
      "argTypeIds": Array [
        "int4",
        "int4",
      ],
      "description": null,
      "isStable": false,
      "isStrict": true,
      "kind": "procedure",
      "name": "mult_4",
      "namespaceId": "b",
      "returnTypeId": "int4",
      "returnsSet": false,
    },
    Object {
      "argDefaultsNum": 0,
      "argNames": Array [],
      "argTypeIds": Array [],
      "description": null,
      "isStable": false,
      "isStrict": false,
      "kind": "procedure",
      "name": "no_args_mutation",
      "namespaceId": "c",
      "returnTypeId": "int4",
      "returnsSet": false,
    },
    Object {
      "argDefaultsNum": 0,
      "argNames": Array [],
      "argTypeIds": Array [],
      "description": null,
      "isStable": true,
      "isStrict": false,
      "kind": "procedure",
      "name": "no_args_query",
      "namespaceId": "c",
      "returnTypeId": "int4",
      "returnsSet": false,
    },
    Object {
      "argDefaultsNum": 0,
      "argNames": Array [
        "person",
      ],
      "argTypeIds": Array [
        "person",
      ],
      "description": null,
      "isStable": true,
      "isStrict": false,
      "kind": "procedure",
      "name": "person_first_name",
      "namespaceId": "c",
      "returnTypeId": "text",
      "returnsSet": false,
    },
    Object {
      "argDefaultsNum": 0,
      "argNames": Array [
        "person",
      ],
      "argTypeIds": Array [
        "person",
      ],
      "description": null,
      "isStable": true,
      "isStrict": false,
      "kind": "procedure",
      "name": "person_friends",
      "namespaceId": "c",
      "returnTypeId": "person",
      "returnsSet": true,
    },
    Object {
      "argDefaultsNum": 2,
      "argNames": Array [
        "post",
        "length",
        "omission",
      ],
      "argTypeIds": Array [
        "post",
        "int4",
        "text",
      ],
      "description": null,
      "isStable": true,
      "isStrict": false,
      "kind": "procedure",
      "name": "post_headline_trimmed",
      "namespaceId": "a",
      "returnTypeId": "text",
      "returnsSet": false,
    },
    Object {
      "argDefaultsNum": 0,
      "argNames": Array [
        "id",
      ],
      "argTypeIds": Array [
        "int4",
      ],
      "description": null,
      "isStable": false,
      "isStrict": false,
      "kind": "procedure",
      "name": "table_mutation",
      "namespaceId": "c",
      "returnTypeId": "post",
      "returnsSet": false,
    },
    Object {
      "argDefaultsNum": 0,
      "argNames": Array [
        "id",
      ],
      "argTypeIds": Array [
        "int4",
      ],
      "description": null,
      "isStable": true,
      "isStrict": false,
      "kind": "procedure",
      "name": "table_query",
      "namespaceId": "c",
      "returnTypeId": "post",
      "returnsSet": false,
    },
    Object {
      "argDefaultsNum": 0,
      "argNames": Array [],
      "argTypeIds": Array [],
      "description": null,
      "isStable": false,
      "isStrict": false,
      "kind": "procedure",
      "name": "table_set_mutation",
      "namespaceId": "c",
      "returnTypeId": "person",
      "returnsSet": true,
    },
    Object {
      "argDefaultsNum": 0,
      "argNames": Array [],
      "argTypeIds": Array [],
      "description": null,
      "isStable": true,
      "isStrict": false,
      "kind": "procedure",
      "name": "table_set_query",
      "namespaceId": "c",
      "returnTypeId": "person",
      "returnsSet": true,
    },
    Object {
      "argDefaultsNum": 0,
      "argNames": Array [
        "a",
        "b",
        "c",
        "d",
        "e",
        "f",
      ],
      "argTypeIds": Array [
        "int8",
        "bool",
        "varchar",
        "_int4",
        "json",
        "numrange",
      ],
      "description": null,
      "isStable": false,
      "isStrict": true,
      "kind": "procedure",
      "name": "types_mutation",
      "namespaceId": "c",
      "returnTypeId": "bool",
      "returnsSet": false,
    },
    Object {
      "argDefaultsNum": 0,
      "argNames": Array [
        "a",
        "b",
        "c",
        "d",
        "e",
        "f",
      ],
      "argTypeIds": Array [
        "int8",
        "bool",
        "varchar",
        "_int4",
        "json",
        "numrange",
      ],
      "description": null,
      "isStable": true,
      "isStrict": true,
      "kind": "procedure",
      "name": "types_query",
      "namespaceId": "c",
      "returnTypeId": "bool",
      "returnsSet": false,
    },
  ],
  "types": Array [
    Object {
      "arrayItemTypeId": "jwt_token",
      "category": "A",
      "classId": null,
      "description": null,
      "domainBaseTypeId": null,
      "domainIsNotNull": false,
      "enumVariants": null,
      "id": "_jwt_token",
      "kind": "type",
      "name": "_jwt_token",
      "namespaceId": "b",
      "namespaceName": "b",
      "rangeSubTypeId": null,
      "type": "b",
    },
    Object {
      "arrayItemTypeId": null,
      "category": "N",
      "classId": null,
      "description": null,
      "domainBaseTypeId": "int4",
      "domainIsNotNull": false,
      "enumVariants": null,
      "id": "an_int",
      "kind": "type",
      "name": "an_int",
      "namespaceId": "a",
      "namespaceName": "a",
      "rangeSubTypeId": null,
      "type": "d",
    },
    Object {
      "arrayItemTypeId": null,
      "category": "R",
      "classId": null,
      "description": null,
      "domainBaseTypeId": null,
      "domainIsNotNull": false,
      "enumVariants": null,
      "id": "an_int_range",
      "kind": "type",
      "name": "an_int_range",
      "namespaceId": "a",
      "namespaceName": "a",
      "rangeSubTypeId": "an_int",
      "type": "r",
    },
    Object {
      "arrayItemTypeId": null,
      "category": "N",
      "classId": null,
      "description": null,
      "domainBaseTypeId": "an_int",
      "domainIsNotNull": false,
      "enumVariants": null,
      "id": "another_int",
      "kind": "type",
      "name": "another_int",
      "namespaceId": "b",
      "namespaceName": "b",
      "rangeSubTypeId": null,
      "type": "d",
    },
    Object {
      "arrayItemTypeId": null,
      "category": "E",
      "classId": null,
      "description": null,
      "domainBaseTypeId": null,
      "domainIsNotNull": false,
      "enumVariants": Array [
        "red",
        "green",
        "blue",
      ],
      "id": "color",
      "kind": "type",
      "name": "color",
      "namespaceId": "b",
      "namespaceName": "b",
      "rangeSubTypeId": null,
      "type": "e",
    },
    Object {
      "arrayItemTypeId": null,
      "category": "C",
      "classId": "compound_key",
      "description": null,
      "domainBaseTypeId": null,
      "domainIsNotNull": false,
      "enumVariants": null,
      "id": "compound_key",
      "kind": "type",
      "name": "compound_key",
      "namespaceId": "c",
      "namespaceName": "c",
      "rangeSubTypeId": null,
      "type": "c",
    },
    Object {
      "arrayItemTypeId": null,
      "category": "C",
      "classId": "compound_type",
      "description": "Awesome feature!",
      "domainBaseTypeId": null,
      "domainIsNotNull": false,
      "enumVariants": null,
      "id": "compound_type",
      "kind": "type",
      "name": "compound_type",
      "namespaceId": "c",
      "namespaceName": "c",
      "rangeSubTypeId": null,
      "type": "c",
    },
    Object {
      "arrayItemTypeId": null,
      "category": "C",
      "classId": "edge_case",
      "description": null,
      "domainBaseTypeId": null,
      "domainIsNotNull": false,
      "enumVariants": null,
      "id": "edge_case",
      "kind": "type",
      "name": "edge_case",
      "namespaceId": "c",
      "namespaceName": "c",
      "rangeSubTypeId": null,
      "type": "c",
    },
    Object {
      "arrayItemTypeId": null,
      "category": "S",
      "classId": null,
      "description": null,
      "domainBaseTypeId": "text",
      "domainIsNotNull": false,
      "enumVariants": null,
      "id": "email",
      "kind": "type",
      "name": "email",
      "namespaceId": "b",
      "namespaceName": "b",
      "rangeSubTypeId": null,
      "type": "d",
    },
    Object {
      "arrayItemTypeId": null,
      "category": "C",
      "classId": "foreign_key",
      "description": null,
      "domainBaseTypeId": null,
      "domainIsNotNull": false,
      "enumVariants": null,
      "id": "foreign_key",
      "kind": "type",
      "name": "foreign_key",
      "namespaceId": "a",
      "namespaceName": "a",
      "rangeSubTypeId": null,
      "type": "c",
    },
    Object {
      "arrayItemTypeId": null,
      "category": "C",
      "classId": "jwt_token",
      "description": null,
      "domainBaseTypeId": null,
      "domainIsNotNull": false,
      "enumVariants": null,
      "id": "jwt_token",
      "kind": "type",
      "name": "jwt_token",
      "namespaceId": "b",
      "namespaceName": "b",
      "rangeSubTypeId": null,
      "type": "c",
    },
    Object {
      "arrayItemTypeId": null,
      "category": "E",
      "classId": null,
      "description": null,
      "domainBaseTypeId": null,
      "domainIsNotNull": false,
      "enumVariants": Array [
        "a",
        "b",
        "c",
        "d",
      ],
      "id": "letter",
      "kind": "type",
      "name": "letter",
      "namespaceId": "a",
      "namespaceName": "a",
      "rangeSubTypeId": null,
      "type": "e",
    },
    Object {
      "arrayItemTypeId": null,
      "category": "C",
      "classId": "nested_compound_type",
      "description": null,
      "domainBaseTypeId": null,
      "domainIsNotNull": false,
      "enumVariants": null,
      "id": "nested_compound_type",
      "kind": "type",
      "name": "nested_compound_type",
      "namespaceId": "b",
      "namespaceName": "b",
      "rangeSubTypeId": null,
      "type": "c",
    },
    Object {
      "arrayItemTypeId": null,
      "category": "C",
      "classId": "non_updatable_view",
      "description": null,
      "domainBaseTypeId": null,
      "domainIsNotNull": false,
      "enumVariants": null,
      "id": "non_updatable_view",
      "kind": "type",
      "name": "non_updatable_view",
      "namespaceId": "a",
      "namespaceName": "a",
      "rangeSubTypeId": null,
      "type": "c",
    },
    Object {
      "arrayItemTypeId": null,
      "category": "C",
      "classId": "person",
      "description": null,
      "domainBaseTypeId": null,
      "domainIsNotNull": false,
      "enumVariants": null,
      "id": "person",
      "kind": "type",
      "name": "person",
      "namespaceId": "c",
      "namespaceName": "c",
      "rangeSubTypeId": null,
      "type": "c",
    },
    Object {
      "arrayItemTypeId": null,
      "category": "C",
      "classId": "post",
      "description": null,
      "domainBaseTypeId": null,
      "domainIsNotNull": false,
      "enumVariants": null,
      "id": "post",
      "kind": "type",
      "name": "post",
      "namespaceId": "a",
      "namespaceName": "a",
      "rangeSubTypeId": null,
      "type": "c",
    },
    Object {
      "arrayItemTypeId": null,
      "category": "C",
      "classId": "similar_table_1",
      "description": null,
      "domainBaseTypeId": null,
      "domainIsNotNull": false,
      "enumVariants": null,
      "id": "similar_table_1",
      "kind": "type",
      "name": "similar_table_1",
      "namespaceId": "a",
      "namespaceName": "a",
      "rangeSubTypeId": null,
      "type": "c",
    },
    Object {
      "arrayItemTypeId": null,
      "category": "C",
      "classId": "similar_table_2",
      "description": null,
      "domainBaseTypeId": null,
      "domainIsNotNull": false,
      "enumVariants": null,
      "id": "similar_table_2",
      "kind": "type",
      "name": "similar_table_2",
      "namespaceId": "a",
      "namespaceName": "a",
      "rangeSubTypeId": null,
      "type": "c",
    },
    Object {
      "arrayItemTypeId": null,
      "category": "C",
      "classId": "types",
      "description": null,
      "domainBaseTypeId": null,
      "domainIsNotNull": false,
      "enumVariants": null,
      "id": "types",
      "kind": "type",
      "name": "types",
      "namespaceId": "b",
      "namespaceName": "b",
      "rangeSubTypeId": null,
      "type": "c",
    },
    Object {
      "arrayItemTypeId": null,
      "category": "C",
      "classId": "updatable_view",
      "description": null,
      "domainBaseTypeId": null,
      "domainIsNotNull": false,
      "enumVariants": null,
      "id": "updatable_view",
      "kind": "type",
      "name": "updatable_view",
      "namespaceId": "b",
      "namespaceName": "b",
      "rangeSubTypeId": null,
      "type": "c",
    },
  ],
}
`;
