exports[`test will create a field entry that looks right 1`] = `
Array [
  "authenticate",
  Object {
    "description": null,
    "execute": [Function],
    "inputFields": Array [
      Array [
        "a",
        Object {
          "type": GraphQLScalarType {
            "_scalarConfig": Object {
              "description": "The \`Int\` scalar type represents non-fractional signed whole numeric values. Int can represent values between -(2^31) and 2^31 - 1. ",
              "name": "Int",
              "parseLiteral": [Function],
              "parseValue": [Function],
              "serialize": [Function],
            },
            "description": "The \`Int\` scalar type represents non-fractional signed whole numeric values. Int can represent values between -(2^31) and 2^31 - 1. ",
            "name": "Int",
          },
        },
      ],
      Array [
        "b",
        Object {
          "type": GraphQLScalarType {
            "_scalarConfig": Object {
              "description": "The \`Int\` scalar type represents non-fractional signed whole numeric values. Int can represent values between -(2^31) and 2^31 - 1. ",
              "name": "Int",
              "parseLiteral": [Function],
              "parseValue": [Function],
              "serialize": [Function],
            },
            "description": "The \`Int\` scalar type represents non-fractional signed whole numeric values. Int can represent values between -(2^31) and 2^31 - 1. ",
            "name": "Int",
          },
        },
      ],
      Array [
        "c",
        Object {
          "type": GraphQLScalarType {
            "_scalarConfig": Object {
              "description": "The \`Int\` scalar type represents non-fractional signed whole numeric values. Int can represent values between -(2^31) and 2^31 - 1. ",
              "name": "Int",
              "parseLiteral": [Function],
              "parseValue": [Function],
              "serialize": [Function],
            },
            "description": "The \`Int\` scalar type represents non-fractional signed whole numeric values. Int can represent values between -(2^31) and 2^31 - 1. ",
            "name": "Int",
          },
        },
      ],
    ],
    "name": "authenticate",
    "outputFields": Array [
      Array [
        "token",
        Object {
          "resolve": [Function],
          "type": GraphQLScalarType {
            "_scalarConfig": Object {
              "description": "A JSON Web Token defined by [RFC 7519](https://tools.ietf.org/html/rfc7519) which securely represents claims between two parties.",
              "name": "Jwt",
              "parseLiteral": [Function],
              "parseValue": [Function],
              "serialize": [Function],
            },
            "description": "A JSON Web Token defined by [RFC 7519](https://tools.ietf.org/html/rfc7519) which securely represents claims between two parties.",
            "name": "Jwt",
          },
        },
      ],
    ],
  },
]
`;
