exports[`test will generate the correct forum schema 1`] = `
"input CreatePersonInput {
  clientMutationId: String
  person: PersonInput!
}

type CreatePersonPayload {
  clientMutationId: String
  person: Person
  personEdge(
    # The method to use when ordering \`Person\`.
    orderBy: PeopleOrderBy = NAME_ASC
  ): PeopleEdge
  query: Query
}

input CreatePostInput {
  clientMutationId: String
  post: PostInput!
}

type CreatePostPayload {
  clientMutationId: String
  post: Post
  postEdge(
    # The method to use when ordering \`Post\`.
    orderBy: PostsOrderBy = HEADLINE_ASC
  ): PostsEdge

  # Reads a single \`Person\` that is related to this \`Post\`.
  personByAuthor: Person
  query: Query
}

# A location in a connection that can be used for resuming pagination.
scalar Cursor

input DeletePersonByIdInput {
  clientMutationId: String
  id: Int!
}

input DeletePersonInput {
  clientMutationId: String
  __id: ID!
}

type DeletePersonPayload {
  clientMutationId: String
  person: Person
  deletedPersonId: ID
  query: Query
}

input DeletePostByIdInput {
  clientMutationId: String
  id: Int!
}

input DeletePostInput {
  clientMutationId: String
  __id: ID!
}

type DeletePostPayload {
  clientMutationId: String
  post: Post
  deletedPostId: ID
  query: Query
}

scalar Email

# The root mutation type which contains root level fields which mutate data.
type Mutation {
  createPerson(input: CreatePersonInput!): CreatePersonPayload
  updatePerson(input: UpdatePersonInput!): UpdatePersonPayload
  updatePersonById(input: UpdatePersonByIdInput!): UpdatePersonPayload
  updatePersonByEmail(input: UpdatePersonByEmailInput!): UpdatePersonPayload
  deletePerson(input: DeletePersonInput!): DeletePersonPayload
  deletePersonById(input: DeletePersonByIdInput!): DeletePersonPayload
  createPost(input: CreatePostInput!): CreatePostPayload
  updatePost(input: UpdatePostInput!): UpdatePostPayload
  updatePostById(input: UpdatePostByIdInput!): UpdatePostPayload
  deletePost(input: DeletePostInput!): DeletePostPayload
  deletePostById(input: DeletePostByIdInput!): DeletePostPayload
}

# An object with a globally unique \`ID\`.
interface Node {
  # A globally unique identifier. Can be used in various places throughout the system to identify this single value.
  __id: ID!
}

# Information about pagination in a connection.
type PageInfo {
  # When paginating forwards, are there more items?
  hasNextPage: Boolean!

  # When paginating backwards, are there more items?
  hasPreviousPage: Boolean!

  # When paginating backwards, the cursor to continue.
  startCursor: Cursor

  # When paginating forwards, the cursor to continue.
  endCursor: Cursor
}

# A connection to a list of \`Person\` values.
type PeopleConnection {
  # Information to aid in pagination.
  pageInfo: PageInfo!

  # The count of *all* \`Person\` you could get from the connection.
  totalCount: Int

  # A list of edges which contains the \`Person\` and cursor to aid in pagination.
  edges: [PeopleEdge]

  # A list of \`Person\` objects.
  nodes: [Person!]
}

# A \`Person\` edge in the connection.
type PeopleEdge {
  # A cursor for use in pagination.
  cursor: Cursor

  # The \`Person\` at the end of the edge.
  node: Person!
}

# Methods to use when ordering \`Person\`.
enum PeopleOrderBy {
  ID_ASC
  ID_DESC
  NAME_ASC
  NAME_DESC
  FIRST_NAME_ASC
  FIRST_NAME_DESC
  LAST_NAME_ASC
  LAST_NAME_DESC
}

type Person implements Node {
  # A globally unique identifier. Can be used in various places throughout the system to identify this single value.
  __id: ID!
  id: Int!
  name: String!
  email: Email!
  firstName: String
  lastName: String
  about: String
}

input PersonInput {
  id: Int!
  name: String!
  email: Email!
  firstName: String
  lastName: String
  about: String
}

input PersonPatch {
  id: Int
  name: String
  email: Email
  firstName: String
  lastName: String
  about: String
}

type Post implements Node {
  # A globally unique identifier. Can be used in various places throughout the system to identify this single value.
  __id: ID!
  id: Int!
  authorId: Int!
  status: PostStatus!
  headline: String!
  body: String

  # Reads a single \`Person\` that is related to this \`Post\`.
  personByAuthor: Person
}

input PostInput {
  id: Int!
  authorId: Int!
  status: PostStatus!
  headline: String!
  body: String
}

input PostPatch {
  id: Int
  authorId: Int
  status: PostStatus
  headline: String
  body: String
}

# A connection to a list of \`Post\` values.
type PostsConnection {
  # Information to aid in pagination.
  pageInfo: PageInfo!

  # The count of *all* \`Post\` you could get from the connection.
  totalCount: Int

  # A list of edges which contains the \`Post\` and cursor to aid in pagination.
  edges: [PostsEdge]

  # A list of \`Post\` objects.
  nodes: [Post!]
}

# A \`Post\` edge in the connection.
type PostsEdge {
  # A cursor for use in pagination.
  cursor: Cursor

  # The \`Post\` at the end of the edge.
  node: Post!
}

# Methods to use when ordering \`Post\`.
enum PostsOrderBy {
  ID_ASC
  ID_DESC
  AUTHOR_ID_ASC
  AUTHOR_ID_DESC
  STATUS_ASC
  STATUS_DESC
  HEADLINE_ASC
  HEADLINE_DESC
}

enum PostStatus {
  UNPUBLISHED
  PUBLISHED
}

# The root query type which gives access points into the data universe.
type Query {
  # Fetches an object given its globally unique \`ID\`.
  node(
    # The globally unique \`ID\`.
    __id: ID!
  ): Node

  # Reads and enables paginatation through a set of \`Person\`.
  allPeople(
    # The method to use when ordering \`Person\`.
    orderBy: PeopleOrderBy = NAME_ASC

    # Read all values in the set before (above) this cursor.
    before: Cursor

    # Read all values in the set after (below) this cursor.
    after: Cursor

    # Only read the first \`n\` values of the set.
    first: Int

    # Only read the last \`n\` values of the set.
    last: Int
    id: Int
    name: String
    email: Email
    firstName: String
    lastName: String
    about: String
  ): PeopleConnection

  # Reads a single \`Person\` using its globally unique \`ID\`.
  person(
    # The globally unique \`ID\` to be used in selecting a single \`Person\`.
    __id: ID!
  ): Person
  personById(id: Int!): Person
  personByName(name: String!): Person
  personByEmail(email: String!): Person

  # Reads and enables paginatation through a set of \`Post\`.
  allPosts(
    # The method to use when ordering \`Post\`.
    orderBy: PostsOrderBy = HEADLINE_ASC

    # Read all values in the set before (above) this cursor.
    before: Cursor

    # Read all values in the set after (below) this cursor.
    after: Cursor

    # Only read the first \`n\` values of the set.
    first: Int

    # Only read the last \`n\` values of the set.
    last: Int
    id: Int
    authorId: Int
    status: PostStatus
    headline: String
    body: String
  ): PostsConnection

  # Reads a single \`Post\` using its globally unique \`ID\`.
  post(
    # The globally unique \`ID\` to be used in selecting a single \`Post\`.
    __id: ID!
  ): Post
  postById(id: Int!): Post

  # Exposes the root query type nested one level down. This is helpful for Relay 1
  # which can only query top level fields if they are in a particular form.
  query: Query!
}

input UpdatePersonByEmailInput {
  clientMutationId: String
  email: String!
  personPatch: PersonPatch!
}

input UpdatePersonByIdInput {
  clientMutationId: String
  id: Int!
  personPatch: PersonPatch!
}

input UpdatePersonInput {
  clientMutationId: String
  __id: ID!
  personPatch: PersonPatch!
}

type UpdatePersonPayload {
  clientMutationId: String
  person: Person
  query: Query
}

input UpdatePostByIdInput {
  clientMutationId: String
  id: Int!
  postPatch: PostPatch!
}

input UpdatePostInput {
  clientMutationId: String
  __id: ID!
  postPatch: PostPatch!
}

type UpdatePostPayload {
  clientMutationId: String
  post: Post
  query: Query
}
"
`;
